Starting...

***************************************
*     YoYo Games Mac Runner V0.1      *
***************************************	 
CommandLine: -game /Users/orca/GameMakerProjects/3dshenanigans/output/3dshenanigans/game.ios -debugoutput /Users/orca/GameMakerProjects/3dshenanigans/output/3dshenanigans/debug.log -output /Users/orca/GameMakerProjects/3dshenanigans/output/3dshenanigans/debug.log -runTest -game "/Users/orca/GameMakerProjects/3dshenanigans/output/3dshenanigans/game.ios" -debugoutput "/Users/orca/GameMakerProjects/3dshenanigans/output/3dshenanigans/debug.log" -output "/Users/orca/GameMakerProjects/3dshenanigans/output/3dshenanigans/debug.log" 
MemoryManager allocated: 598783
Processing command line -game /Users/orca/GameMakerProjects/3dshenanigans/output/3dshenanigans/game.ios -debugoutput /Users/orca/GameMakerProjects/3dshenanigans/output/3dshenanigans/debug.log -output /Users/orca/GameMakerProjects/3dshenanigans/output/3dshenanigans/debug.log -runTest -game "/Users/orca/GameMakerProjects/3dshenanigans/output/3dshenanigans/game.ios" -debugoutput "/Users/orca/GameMakerProjects/3dshenanigans/output/3dshenanigans/debug.log" -output "/Users/orca/GameMakerProjects/3dshenanigans/output/3dshenanigans/debug.log" 
Create Error Form

***************************************
*     YoYo Games Runner v2024.0(0)[r32908]    *
***************************************	 
RunnerLoadGame: /Users/orca/GameMakerProjects/3dshenanigans/output/3dshenanigans/game.ios
#########################################################################
####!!!!$$$$$$ pwd - /Users/orca/GameMakerProjects/3dshenanigans/output/3dshenanigans/
#########################################################################
RunnerLoadGame() - /Users/orca/GameMakerProjects/3dshenanigans/output/3dshenanigans/game.ios
YYG Game launching. Game file: /Users/orca/GameMakerProjects/3dshenanigans/output/3dshenanigans/game.ios
Checking if INIFile exists at /Users/orca/GameMakerProjects/3dshenanigans/output/3dshenanigans/options.ini
INIFile /Users/orca/GameMakerProjects/3dshenanigans/output/3dshenanigans/options.ini Exists, loading....
Process Chunk: SCPT   128
Process Chunk: DBGI   1576
Process Chunk: INST   8
Process Chunk: LOCL   248
Process Chunk: DFNC   200
Process Chunk: STRG   4198
Reading File /Users/orca/GameMakerProjects/3dshenanigans/output/3dshenanigans/game.ios
Loaded File /Users/orca/GameMakerProjects/3dshenanigans/output/3dshenanigans/game.ios(51484)
Get Resolution
Get Header Information
InitGMLFunctions
HighScore..filename is /Users/orca/Library/Application Support/com.yoyogames.macyoyorunner/hiscore.dat
Game..Math..Graphic..File..Resource..Interaction..3D..Particle..Misc..Time..DS..Sound..Physics..Gamepad..Buffers..Networking..Shaders..YoYo..Multiplayer..Fini
Code_Load()
VARI_Load()
ID_STRG
Create Window
Init Graphics
GR_D3D_Init()
OpenGL: version string 2.1 Metal - 83.1
OpenGL: vendor string Apple
OpenGL GLSL: version string 1.20
OpenGL version - detected 2.1
OpenGL: VBOs supported
OpenGL: Non-power-of-two textures supported
Extensions:
GL_ARB_color_buffer_float GL_ARB_depth_buffer_float GL_ARB_depth_clamp GL_ARB_depth_texture GL_ARB_draw_buffers GL_ARB_draw_elements_base_vertex GL_ARB_draw_instanced GL_ARB_fragment_program GL_ARB_fragment_program_shadow GL_ARB_fragment_shader GL_ARB_framebuffer_object GL_ARB_framebuffer_sRGB GL_ARB_half_float_pixel GL_ARB_half_float_vertex GL_ARB_imaging GL_ARB_instanced_arrays GL_ARB_multisample GL_ARB_multitexture GL_ARB_occlusion_query GL_ARB_pixel_buffer_object GL_ARB_point_parameters GL_ARB_point_sprite GL_ARB_provoking_vertex GL_ARB_seamless_cube_map GL_ARB_shader_objects GL_ARB_shader_texture_lod GL_ARB_shading_language_100 GL_ARB_shadow GL_ARB_shadow_ambient GL_ARB_sync GL_ARB_texture_border_clamp GL_ARB_texture_compression GL_ARB_texture_compression_rgtc GL_ARB_texture_cube_map GL_ARB_texture_env_add GL_ARB_texture_env_combine GL_ARB_texture_env_crossbar GL_ARB_texture_env_dot3 GL_ARB_texture_float GL_ARB_texture_mirrored_repeat GL_ARB_texture_non_power_of_two GL_ARB_texture_rectangle GL_ARB_texture_rg GL_ARB_transpose_matrix GL_ARB_vertex_array_bgra GL_ARB_vertex_blend GL_ARB_vertex_buffer_object GL_ARB_vertex_program GL_ARB_vertex_shader GL_ARB_window_pos GL_EXT_abgr GL_EXT_bgra GL_EXT_bindable_uniform GL_EXT_blend_color GL_EXT_blend_equation_separate GL_EXT_blend_func_separate GL_EXT_blend_minmax GL_EXT_blend_subtract GL_EXT_clip_volume_hint GL_EXT_debug_label GL_EXT_debug_marker GL_EXT_draw_buffers2 GL_EXT_draw_range_elements GL_EXT_fog_coord GL_EXT_framebuffer_blit GL_EXT_framebuffer_multisample GL_EXT_framebuffer_multisample_blit_scaled GL_EXT_framebuffer_object GL_EXT_framebuffer_sRGB GL_EXT_geometry_shader4 GL_EXT_gpu_program_parameters GL_EXT_gpu_shader4 GL_EXT_multi_draw_arrays GL_EXT_packed_depth_stencil GL_EXT_packed_float GL_EXT_provoking_vertex GL_EXT_rescale_normal GL_EXT_secondary_color GL_EXT_separate_specular_color GL_EXT_shadow_funcs GL_EXT_stencil_two_side GL_EXT_stencil_wrap GL_EXT_texture_array GL_EXT_texture_compression_dxt1 GL_EXT_texture_compression_s3tc GL_EXT_texture_env_add GL_EXT_texture_filter_anisotropic GL_EXT_texture_integer GL_EXT_texture_lod_bias GL_EXT_texture_rectangle GL_EXT_texture_shared_exponent GL_EXT_texture_sRGB GL_EXT_texture_sRGB_decode GL_EXT_timer_query GL_EXT_transform_feedback GL_EXT_vertex_array_bgra GL_APPLE_aux_depth_stencil GL_APPLE_client_storage GL_APPLE_element_array GL_APPLE_fence GL_APPLE_float_pixels GL_APPLE_flush_buffer_range GL_APPLE_flush_render GL_APPLE_packed_pixels GL_APPLE_pixel_buffer GL_APPLE_rgb_422 GL_APPLE_row_bytes GL_APPLE_specular_vector GL_APPLE_texture_range GL_APPLE_transform_hint GL_APPLE_vertex_array_object GL_APPLE_vertex_point_size GL_APPLE_vertex_program_evaluators GL_APPLE_ycbcr_422 GL_ATI_separate_stencil GL_ATI_texture_env_combine3 GL_ATI_texture_float GL_IBM_rasterpos_clip GL_NV_blend_square GL_NV_conditional_render GL_NV_depth_clamp GL_NV_fog_distance GL_NV_fragment_program_option GL_NV_fragment_program2 GL_NV_light_max_exponent GL_NV_texgen_reflection GL_NV_texture_barrier GL_NV_vertex_program2_option GL_NV_vertex_program3 GL_SGI_color_matrix GL_SGIS_generate_mipmap GL_SGIS_texture_edge_clamp GL_SGIS_texture_lod 
Anisotropic filtering supported, max aniso 16
OpenGL: 4 channel float surface formats supported (through extensions)
OpenGL: 1 and 2 channel float surface formats supported
OpenGL: 4 channel half-float surface formats supported (through extensions)
OpenGL: 1 and 2 channel half-float surface formats supported (through extension)
Tileset_InitTextures()
Sprite_InitTextures()
IO Init
Process Messages
Splash!
Start Frame
Part Create Textures
Debug Init Remote Interface
VM Init
Create Load Form
Do The Work
LoadGameData()
initialise everything! 0x128028020, 51484
Process Chunk: GEN8   208  (0.00MB)
Process Chunk: OPTN   120  (0.00MB)
Process Chunk: LANG   24  (0.00MB)
Process Chunk: EXTN   8  (0.00MB)
Process Chunk: SOND   8  (0.00MB)
Process Chunk: AGRP   24  (0.00MB)
Process Chunk: SPRT   104  (0.00MB)
Process Chunk: BGND   8  (0.00MB)
Process Chunk: PATH   8  (0.00MB)
Process Chunk: SCPT   104  (0.00MB)
Process Chunk: GLOB   24  (0.00MB)
Process Chunk: SHDR   456  (0.00MB)
Error compiling shader:
ERROR: 0:143: '0.' : syntax error: syntax error


#version 120
#define LOWPREC 
#define lowp
#define mediump
#define highp
#define precision
#define	MATRIX_VIEW 					0
#define	MATRIX_PROJECTION 				1
#define	MATRIX_WORLD 					2
#define	MATRIX_WORLD_VIEW 				3
#define	MATRIX_WORLD_VIEW_PROJECTION 	4
#define	MATRICES_MAX					5

uniform mat4 gm_Matrices[MATRICES_MAX]; 

uniform bool gm_LightingEnabled;
uniform bool gm_VS_FogEnabled;
uniform float gm_FogStart;
uniform float gm_RcpFogRange;

#define MAX_VS_LIGHTS	8
#define MIRROR_WIN32_LIGHTING_EQUATION


//#define	MAX_VS_LIGHTS					8
uniform vec4   gm_AmbientColour;							// rgb=colour, a=1
uniform vec4   gm_Lights_Direction[MAX_VS_LIGHTS];		// normalised direction
uniform vec4   gm_Lights_PosRange[MAX_VS_LIGHTS];			// X,Y,Z position,  W range
uniform vec4   gm_Lights_Colour[MAX_VS_LIGHTS];			// rgb=colour, a=1

float CalcFogFactor(vec4 pos)
{
	if (gm_VS_FogEnabled)
	{
		vec4 viewpos = gm_Matrices[MATRIX_WORLD_VIEW] * pos;
		float fogfactor = ((viewpos.z - gm_FogStart) * gm_RcpFogRange);
		return fogfactor;
	}
	else
	{
		return 0.0;
	}
}

vec4 DoDirLight(vec3 ws_normal, vec4 dir, vec4 diffusecol)
{
	float dotresult = dot(ws_normal, dir.xyz);
	dotresult = min(dotresult, dir.w);			// the w component is 1 if the directional light is active, or 0 if it isn't
	dotresult = max(0.0, dotresult);

	return dotresult * diffusecol;
}

vec4 DoPointLight(vec3 ws_pos, vec3 ws_normal, vec4 posrange, vec4 diffusecol)
{
	vec3 diffvec = ws_pos - posrange.xyz;
	float veclen = length(diffvec);
	diffvec /= veclen;	// normalise
	float atten;
	if (posrange.w == 0.0)		// the w component of posrange is 0 if the point light is disabled - if we don't catch it here we might end up generating INFs or NaNs
	{
		atten = 0.0;
	}
	else
	{
#ifdef MIRROR_WIN32_LIGHTING_EQUATION
	// This is based on the Win32 D3D and OpenGL falloff model, where:
	// Attenuation = 1.0f / (factor0 + (d * factor1) + (d*d * factor2))
	// For some reason, factor0 is set to 0.0f while factor1 is set to 1.0f/lightrange (on both D3D and OpenGL)
	// This'll result in no visible falloff as 1.0f / (d / lightrange) will always be larger than 1.0f (if the vertex is within range)
	
		atten = 1.0 / (veclen / posrange.w);
		if (veclen > posrange.w)
		{
			atten = 0.0;
		}	
#else
		atten = clamp( (1.0 - (veclen / posrange.w)), 0.0, 1.0);		// storing 1.0f/range instead would save a rcp
#endif
	}
	float dotresult = dot(ws_normal, diffvec);
	dotresult = max(0.0, dotresult);

	return dotresult * atten * diffusecol;
}

vec4 DoLighting(vec4 vertexcolour, vec4 objectspacepos, vec3 objectspacenormal)
{
	if (gm_LightingEnabled)
	{
		// Normally we'd have the light positions\\directions back-transformed from world to object space
		// But to keep things simple for the moment we'll just transform the normal to world space
		vec4 objectspacenormal4 = vec4(objectspacenormal, 0.0);
		vec3 ws_normal;
		ws_normal = (gm_Matrices[MATRIX_WORLD] * objectspacenormal4).xyz;
		ws_normal = normalize(ws_normal);

		vec3 ws_pos;
		ws_pos = (gm_Matrices[MATRIX_WORLD] * objectspacepos).xyz;

		// Accumulate lighting from different light types
		vec4 accumcol = vec4(0.0, 0.0, 0.0, 0.0);		
		for(int i = 0; i < MAX_VS_LIGHTS; i++)
		{
			accumcol += DoDirLight(ws_normal, gm_Lights_Direction[i], gm_Lights_Colour[i]);
		}

		for(int i = 0; i < MAX_VS_LIGHTS; i++)
		{
			accumcol += DoPointLight(ws_pos, ws_normal, gm_Lights_PosRange[i], gm_Lights_Colour[i]);
		}

		accumcol *= vertexcolour;
		accumcol += gm_AmbientColour;
		accumcol = min(vec4(1.0, 1.0, 1.0, 1.0), accumcol);
		accumcol.a = vertexcolour.a;
		return accumcol;
	}
	else
	{
		return vertexcolour;
	}
}

#define _YY_GLSL_ 1
//
// Simple passthrough vertex shader
//
attribute vec3 in_Position;                  // (x,y,z)
//attribute vec3 in_Normal;                  // (x,y,z)     unused in this shader.
//attribute vec4 in_Colour;                    // (r,g,b,a)
//attribute vec2 in_TextureCoord;              // (u,v)

varying vec2 v_vTexcoord;
varying vec4 v_vColour;

void main()
{
    vec4 object_space_pos = vec4( in_Position.x, in_Position.y, in_Position.z, 1.0);
 Copying error ERROR: 0:143: '0.' : syntax error: syntax error

Process Chunk: FONT   520  (0.00MB)
Process Chunk: TMLN   8  (0.00MB)
Process Chunk: OBJT   1016  (0.00MB)
Collision Event time(microsecs)=1
Process Chunk: FEDS   8  (0.00MB)
Process Chunk: ACRV   8  (0.00MB)
Process Chunk: SEQN   8  (0.00MB)
Process Chunk: TAGS   24  (0.00MB)
Process Chunk: ROOM   728  (0.00MB)
Process Chunk: DAFL   8  (0.00MB)
Process Chunk: EMBI   24  (0.00MB)
Process Chunk: PSEM   8  (0.00MB)
Process Chunk: PSYS   8  (0.00MB)
Process Chunk: TPAG   56  (0.00MB)
Process Chunk: TGIN   136  (0.00MB)
Process Chunk: CODE   3000  (0.00MB)
Process Chunk: VARI   840  (0.00MB)
Process Chunk: FUNC   792  (0.00MB)
Process Chunk: FEAT   24  (0.00MB)
Process Chunk: STRG   41352  (0.04MB)
Process Chunk: TXTR   1544  (0.00MB)
Process Chunk: AUDO   4  (0.00MB)
Variable_Global_Init()
PrepareGame()
Audio_Init()
Attempting to set gamepadcount to 4
libYoYoGamepad.dylib found at path /Users/Shared/GameMakerStudio2-Beta/Cache/runtimes/runtime-2024.400.0.562/mac/YoYo Runner.app/Contents/MacOS/../Frameworks/libYoYoGamepad.dylib
Game_Prepare()
Script_Prepare() 
TimeLine_Prepare() 
Object_Prepare() 
Preparing 3 objects:
Room_Prepare() 
Finished PrepareGame() 
Run_Start
Done g_EffectsManager.Init()
Done RenderStateManager
CreateColPairs took 0.000000s 0 usecs for 3 object types obj_col_numb=0 physobjcount=0 resizes 0 final size 0
Done ObjectLists
Done Extension_Initialize
About to startroom
Total memory used = 12721256 (0x00c21c68) bytes 12.13MB
Free memory = 6526744 (0x00639718) bytes 6.22MB
Peak memory used = 753934496 (0x2cf020a0) bytes 719.01MB
**********************************.
Entering main loop.
**********************************.
1
from: 1 0 0, to 0 0 0
1
1
from: 1 0 0, to 0 0 0
1
1
from: 1 0 0, to 0 0 0
1
1
from: 1 0 0, to 0 0 0
1
1
from: 1 0 0, to 0 0 0
1
1
from: 1 0 0, to 0 0 0
1
1
from: 1 0 0, to 0 0 0
1
1
from: 1 0 0, to 0 0 0
1
1
from: 1 0 0, to 0 0 0
1
1
from: 1 0 0, to 0 0 0
1
1
from: 1 0 0, to 0 0 0
1
1
from: 1 0 0, to 0 0 0
1
1
from: 1 0 0, to 0 0 0
1
1
from: 1 0 0, to 0 0 0
1
1
from: 1 0 0, to 0 0 0
1
1
from: 1 0 0, to 0 0 0
1
1
from: 1 0 0, to 0 0 0
1
1
from: 1 0 0, to 0 0 0
1
1
from: 1 0 0, to 0 0 0
1
1
from: 1 0 0, to 0 0 0
1
1
from: 1 0 0, to 0 0 0
1
1
from: 1 0 0, to 0 0 0
1
1
from: 1 0 0, to 0 0 0
1
1
from: 1 0 0, to 0 0 0
1
1
from: 1 0 0, to 0 0 0
1
1
from: 1 0 0, to 0 0 0
1
1
from: 1 0 0, to 0 0 0
1
1
from: 1 0 0, to 0 0 0
1
1
from: 1 0 0, to 0 0 0
1
1
from: 1 0 0, to 0 0 0
1
1
from: 1 0 0, to 0 0 0
1
1
from: 1 0 0, to 0 0 0
1
1
from: 1 0 0, to 0 0 0
1
1
from: 1 0 0, to 0 0 0
1
1
from: 1 0 0, to 0 0 0
1
1
from: 1 0 0, to 0 0 0
1
1
from: 1 0 0, to 0 0 0
1
1
from: 1 0 0, to 0 0 0
1
1
from: 1 0 0, to 0 0 0
1
1
from: 1 0 0, to 0 0 0
1
0.57
from: -0.40 -0.40 0.82, to 0 0 0
1
0.59
from: -0.39 -0.45 0.80, to 0 0 0
1
0.65
from: -0.37 -0.53 0.76, to 0 0 0
1
0.73
from: -0.33 -0.65 0.69, to 0 0 0
1
0.90
from: -0.07 -0.90 0.43, to 0 0 0
1
1.00
from: 0.43 -0.90 0.04, to 0 0 0
1
0.98
from: 0.70 -0.68 -0.21, to 0 0 0
1
0.95
from: 0.83 -0.45 -0.32, to 0 0 0
1.00
0.95
from: 0.89 -0.33 -0.32, to 0 0 0
1
0.95
from: 0.91 -0.27 -0.32, to 0 0 0
1.00
0.95
from: 0.92 -0.23 -0.32, to 0 0 0
1
0.95
from: 0.92 -0.22 -0.32, to 0 0 0
1.00
0.95
from: 0.92 -0.22 -0.32, to 0 0 0
1
0.95
from: 0.92 -0.22 -0.32, to 0 0 0
1
0.95
from: 0.92 -0.22 -0.32, to 0 0 0
1
0.95
from: 0.92 -0.22 -0.31, to 0 0 0
1
0.95
from: 0.92 -0.22 -0.31, to 0 0 0
1
0.96
from: 0.93 -0.22 -0.29, to 0 0 0
1
0.97
from: 0.94 -0.25 -0.24, to 0 0 0
1
0.99
from: 0.94 -0.33 -0.13, to 0 0 0
1
1.00
from: 0.90 -0.44 0.02, to 0 0 0
1
0.95
from: 0.72 -0.61 0.32, to 0 0 0
1
0.78
from: 0.46 -0.64 0.62, to 0 0 0
1
0.58
from: 0.25 -0.53 0.81, to 0 0 0
1
0.39
from: 0.11 -0.37 0.92, to 0 0 0
1
0.24
from: 0.04 -0.24 0.97, to 0 0 0
1
0.12
from: 0.01 -0.12 0.99, to 0 0 0
1
0.05
from: -0.00 -0.05 1.00, to 0 0 0
1
0.00
from: -0.00 -0.00 1.00, to 0 0 0
1
0.00
from: -0.00 -0.00 1, to 0 0 0
1
0.00
from: -0.00 -0.00 1, to 0 0 0
1
0.00
from: -0.00 -0.00 1, to 0 0 0
1
0.00
from: -0.00 -0.00 1, to 0 0 0
1
0.00
from: -0.00 -0.00 1, to 0 0 0
1
0.00
from: -0.00 -0.00 1, to 0 0 0
1
0.00
from: -0.00 -0.00 1, to 0 0 0
1
0.00
from: -0.00 -0.00 1, to 0 0 0
1
0.00
from: -0.00 -0.00 1, to 0 0 0
1
0.00
from: -0.00 -0.00 1, to 0 0 0
1
0.00
from: -0.00 -0.00 1, to 0 0 0
1
0.02
from: -0.01 -0.02 1.00, to 0 0 0
1
0.06
from: -0.04 -0.04 1.00, to 0 0 0
1
0.10
from: -0.08 -0.06 0.99, to 0 0 0
1
0.15
from: -0.13 -0.07 0.99, to 0 0 0
1
0.17
from: -0.16 -0.06 0.98, to 0 0 0
1
0.18
from: -0.18 -0.05 0.98, to 0 0 0
1
0.18
from: -0.18 -0.04 0.98, to 0 0 0
1
0.18
from: -0.18 -0.03 0.98, to 0 0 0
1
0.18
from: -0.18 -0.02 0.98, to 0 0 0
1
0.18
from: -0.18 -0.02 0.98, to 0 0 0
1
0.18
from: -0.18 -0.02 0.98, to 0 0 0
1
0.18
from: -0.18 -0.02 0.98, to 0 0 0
1
0.18
from: -0.18 -0.02 0.98, to 0 0 0
1
0.18
from: -0.18 -0.02 0.98, to 0 0 0
1
0.18
from: -0.18 -0.02 0.98, to 0 0 0
1
0.18
from: -0.18 -0.02 0.98, to 0 0 0
1
0.18
from: -0.18 -0.02 0.98, to 0 0 0
1
0.18
from: -0.18 -0.02 0.98, to 0 0 0
1
0.18
from: -0.18 -0.02 0.98, to 0 0 0
1
0.18
from: -0.18 -0.02 0.98, to 0 0 0
1
0.18
from: -0.18 -0.02 0.98, to 0 0 0
1
0.18
from: -0.18 -0.02 0.98, to 0 0 0
1
0.18
from: -0.18 -0.02 0.98, to 0 0 0
1
0.18
from: -0.18 -0.02 0.98, to 0 0 0
1
0.18
from: -0.18 -0.02 0.98, to 0 0 0
1
0.18
from: -0.18 -0.02 0.98, to 0 0 0
1
0.18
from: -0.18 -0.02 0.98, to 0 0 0
1
0.18
from: -0.18 -0.02 0.98, to 0 0 0
1
0.18
from: -0.18 -0.02 0.98, to 0 0 0
1
0.18
from: -0.18 -0.02 0.98, to 0 0 0
1
0.18
from: -0.18 -0.02 0.98, to 0 0 0
1
0.18
from: -0.18 -0.02 0.98, to 0 0 0
1
0.18
from: -0.18 -0.02 0.98, to 0 0 0
1
0.18
from: -0.18 -0.02 0.98, to 0 0 0
1
0.18
from: -0.18 -0.02 0.98, to 0 0 0
1
0.18
from: -0.18 -0.02 0.98, to 0 0 0
1
0.18
from: -0.18 -0.02 0.98, to 0 0 0
1
0.18
from: -0.18 -0.02 0.98, to 0 0 0
1
0.18
from: -0.18 -0.02 0.98, to 0 0 0
1
0.18
from: -0.18 -0.02 0.98, to 0 0 0
1
0.18
from: -0.18 -0.02 0.98, to 0 0 0
1
0.18
from: -0.18 -0.02 0.98, to 0 0 0
1
0.18
from: -0.18 -0.02 0.98, to 0 0 0
1
0.18
from: -0.18 -0.02 0.98, to 0 0 0
1
0.18
from: -0.18 -0.02 0.98, to 0 0 0
1
0.18
from: -0.18 -0.02 0.98, to 0 0 0
1
0.18
from: -0.18 -0.02 0.98, to 0 0 0
1
0.18
from: -0.18 -0.02 0.98, to 0 0 0
1
0.18
from: -0.18 -0.02 0.98, to 0 0 0
1
0.18
from: -0.18 -0.02 0.98, to 0 0 0
1
0.18
from: -0.18 -0.02 0.98, to 0 0 0
1
0.18
from: -0.18 -0.02 0.98, to 0 0 0
1
0.18
from: -0.18 -0.02 0.98, to 0 0 0
1
0.18
from: -0.18 -0.02 0.98, to 0 0 0
1
0.18
from: -0.18 -0.03 0.98, to 0 0 0
1
0.19
from: -0.19 -0.03 0.98, to 0 0 0
1.00
0.19
from: -0.19 -0.03 0.98, to 0 0 0
1
0.20
from: -0.20 -0.03 0.98, to 0 0 0
1
0.20
from: -0.20 -0.04 0.98, to 0 0 0
1
0.20
from: -0.20 -0.04 0.98, to 0 0 0
1
0.21
from: -0.21 -0.04 0.98, to 0 0 0
1
0.21
from: -0.21 -0.04 0.98, to 0 0 0
1
0.21
from: -0.21 -0.04 0.98, to 0 0 0
1
0.21
from: -0.21 -0.04 0.98, to 0 0 0
1
0.21
from: -0.21 -0.04 0.98, to 0 0 0
1
0.22
from: -0.22 -0.04 0.97, to 0 0 0
1.00
0.23
from: -0.23 -0.05 0.97, to 0 0 0
1
0.24
from: -0.23 -0.05 0.97, to 0 0 0
1
0.24
from: -0.24 -0.05 0.97, to 0 0 0
1
0.25
from: -0.24 -0.05 0.97, to 0 0 0
1
0.25
from: -0.24 -0.05 0.97, to 0 0 0
1
0.25
from: -0.24 -0.05 0.97, to 0 0 0
1
0.25
from: -0.25 -0.06 0.97, to 0 0 0
1
0.25
from: -0.25 -0.06 0.97, to 0 0 0
1
0.25
from: -0.25 -0.06 0.97, to 0 0 0
1
0.25
from: -0.25 -0.06 0.97, to 0 0 0
1
0.25
from: -0.25 -0.06 0.97, to 0 0 0
1
0.25
from: -0.25 -0.06 0.97, to 0 0 0
1
0.25
from: -0.25 -0.06 0.97, to 0 0 0
1
0.25
from: -0.25 -0.06 0.97, to 0 0 0
1
0.25
from: -0.25 -0.06 0.97, to 0 0 0
1
0.25
from: -0.25 -0.06 0.97, to 0 0 0
1.00
0.30
from: -0.28 -0.10 0.96, to 0 0 0
1
0.46
from: -0.37 -0.28 0.89, to 0 0 0
1
0.72
from: -0.30 -0.65 0.70, to 0 0 0
1
0.93
from: 0.02 -0.93 0.36, to 0 0 0
1
0.97
from: 0.17 -0.96 0.23, to 0 0 0
1
0.99
from: 0.23 -0.96 0.17, to 0 0 0
1.00
1.00
from: 0.31 -0.95 0.08, to 0 0 0
1
1.00
from: 0.34 -0.94 0.06, to 0 0 0
1
1.00
from: 0.35 -0.94 0.05, to 0 0 0
1
1.00
from: 0.35 -0.94 0.05, to 0 0 0
1
1.00
from: 0.35 -0.94 0.06, to 0 0 0
1
1.00
from: 0.35 -0.94 0.06, to 0 0 0
1
1.00
from: 0.35 -0.94 0.06, to 0 0 0
1
1.00
from: 0.35 -0.94 0.07, to 0 0 0
1
1.00
from: 0.34 -0.94 0.07, to 0 0 0
1
1.00
from: 0.33 -0.94 0.09, to 0 0 0
1
0.99
from: 0.31 -0.94 0.15, to 0 0 0
1
0.98
from: 0.27 -0.94 0.21, to 0 0 0
1
0.96
from: 0.24 -0.93 0.27, to 0 0 0
1.00
0.94
from: 0.21 -0.92 0.34, to 0 0 0
1
0.91
from: 0.17 -0.89 0.41, to 0 0 0
1
0.89
from: 0.16 -0.88 0.45, to 0 0 0
1.00
0.87
from: 0.14 -0.86 0.49, to 0 0 0
1
0.86
from: 0.13 -0.85 0.51, to 0 0 0
1
0.86
from: 0.13 -0.85 0.51, to 0 0 0
1.00
0.86
from: 0.13 -0.85 0.51, to 0 0 0
1.00
0.86
from: 0.13 -0.85 0.51, to 0 0 0
1.00
0.86
from: 0.13 -0.85 0.51, to 0 0 0
1.00
0.86
from: 0.13 -0.85 0.51, to 0 0 0
1.00
0.86
from: 0.13 -0.85 0.51, to 0 0 0
1.00
0.86
from: 0.13 -0.85 0.51, to 0 0 0
1.00
0.86
from: 0.13 -0.85 0.51, to 0 0 0
1.00
0.86
from: 0.13 -0.85 0.51, to 0 0 0
1.00
0.86
from: 0.13 -0.85 0.51, to 0 0 0
1.00
0.86
from: 0.13 -0.85 0.51, to 0 0 0
1.00
0.86
from: 0.13 -0.85 0.51, to 0 0 0
1.00
0.86
from: 0.13 -0.85 0.51, to 0 0 0
1.00
0.86
from: 0.13 -0.85 0.51, to 0 0 0
1.00
0.86
from: 0.13 -0.85 0.51, to 0 0 0
1.00
0.86
from: 0.13 -0.85 0.51, to 0 0 0
1.00
0.86
from: 0.13 -0.85 0.51, to 0 0 0
1.00
0.86
from: 0.14 -0.85 0.51, to 0 0 0
1
0.86
from: 0.18 -0.85 0.50, to 0 0 0
1
0.88
from: 0.23 -0.85 0.48, to 0 0 0
1
0.89
from: 0.28 -0.84 0.46, to 0 0 0
1.00
0.90
from: 0.33 -0.84 0.44, to 0 0 0
1
0.91
from: 0.37 -0.83 0.42, to 0 0 0
1
0.91
from: 0.38 -0.83 0.42, to 0 0 0
1
0.91
from: 0.38 -0.83 0.42, to 0 0 0
1
0.91
from: 0.38 -0.83 0.41, to 0 0 0
1
0.91
from: 0.39 -0.83 0.40, to 0 0 0
1
0.92
from: 0.41 -0.83 0.39, to 0 0 0
1
0.93
from: 0.44 -0.82 0.36, to 0 0 0
1
0.94
from: 0.46 -0.82 0.33, to 0 0 0
1
0.95
from: 0.47 -0.82 0.32, to 0 0 0
1
0.96
from: 0.49 -0.82 0.30, to 0 0 0
1.00
0.96
from: 0.50 -0.82 0.29, to 0 0 0
1
0.96
from: 0.50 -0.82 0.28, to 0 0 0
1
0.96
from: 0.50 -0.82 0.28, to 0 0 0
1
0.96
from: 0.50 -0.82 0.28, to 0 0 0
1
0.96
from: 0.50 -0.82 0.28, to 0 0 0
1
0.96
from: 0.50 -0.82 0.28, to 0 0 0
1
